// Jest Snapshot v1, https://goo.gl/fbAQLP

exports[`Prueba FirstApp should show <FirstApp /> correctly 1`] = `
<Fragment>
  <h1>
     
    Hola, soy Moises
     
  </h1>
  <p>
    Soy un subtitulo
  </p>
</Fragment>
`;
